section_information:
  cycles: 5
  experiment: 20210323_4i4color
  machine: Origin
  planesizeMB: 8
  rawpath: /gpfs/commons/groups/innovation/sarah/metrics_test/20210323_4i4color/raw_zarr
  tiles: 1
segmentation:
  avergae_cell_size: 23.6776
  cell_size_standard_deviation: 10.6845
  number_of_cells: 1958
