1:
  channels: []
  sinks: []
2:
  channels: []
  sinks: []
3:
  channels: []
  sinks: []
4:
  channels: []
  sinks: []
5:
  alpha:
  - - -0.9968199133872986
    - 0.0
  - - 1.0
    - 0.0
  - - 0.0
    - -0.9966662526130676
  - - 0.0
    - 1.0
  background:
  - - 41.79432678222656
    - 0.0
  - - 0.0
    - 0.0
  - - 0.0
    - 40.0918083190918
  - - 0.0
    - 0.0
  channels:
  - 558
  - 610
  - 687
  - 740
  sinks:
  - 610
  - 740
