1:
  channels: []
  sinks: []
2:
  channels: []
  sinks: []
3:
  channels: []
  sinks: []
4:
  channels: []
  sinks: []
5:
  alpha:
  - - -0.9966137409210205
    - 0.0
  - - 1.0
    - 0.0
  - - 0.0
    - -0.9966664910316467
  - - 0.0
    - 1.0
  background:
  - - 41.262481689453125
    - 0.0
  - - 0.0
    - 0.0
  - - 0.0
    - 43.81440734863281
  - - 0.0
    - 0.0
  channels:
  - 558
  - 610
  - 687
  - 740
  sinks:
  - 610
  - 740
